=== PHASE 3 MILESTONE 2 — 500-STUDENT BENCHMARK ===
distribution: {"candidateCount": 500, "hallCount": 5, "seatCount": 500, "classCount": 100, "departmentCount": 10, "studentsPerClass": 5, "studentsPerDepartment": 50, "rowsPerHall": 5, "columnsPerHall": 20}
timeLimitSeconds=600 benchmarkWorkers=8 prodWorkers=8

[_SUMMARY] Approach A (dense oracle): status=OPTIMAL objective=0 durationMs=110276 memory=3637.5 MB varCount=None conCount=None assigned=500 sameClassAdj=0 sameDeptAdj=0 requiredZeros=True structuralErrors=[] valid=True
[_SUMMARY] Approach C (structured, Encoding D, production): status=OPTIMAL objective=0 durationMs=46841 memory=1366.6 MB varCount=None conCount=None assigned=500 sameClassAdj=0 sameDeptAdj=0 requiredZeros=True structuralErrors=[] valid=True
[_SUMMARY] Encoding D (stage-1, benchmark path): status=OPTIMAL objective=0 durationMs=42015 memory=1372.9 MB varCount=51635 conCount=66950 assigned=500 sameClassAdj=0 sameDeptAdj=0 requiredZeros=True structuralErrors=[] valid=True
[_SUMMARY] Encoding C (integer seat-class): status=OPTIMAL objective=0 durationMs=312651 memory=2597.3 MB varCount=52635 conCount=119085 assigned=500 sameClassAdj=0 sameDeptAdj=0 requiredZeros=True structuralErrors=[] valid=True

=== ORACLE AGREEMENT (§6.4) ===
Approach A present=True OPTIMAL=True  Approach C present=True OPTIMAL=True
sameOptimalObjectiveValue=YES  (A=0, C=0)
bothIndependentlyValid=YES

=== ENCODING COMPARISON (§6.6) ===
EncodingStatus    Objective DurationMs  Vars      Constraints Valid
D       OPTIMAL   0         42015       51635     66950       True
C       OPTIMAL   0         312651      52635     119085      True

=== VALIDATION METRICS ===
{"model": "Approach A (dense oracle)", "status": "OPTIMAL", "objectiveValue": 0, "solverDurationMs": 110276, "memoryPeak": "3637.5 MB", "report": {"candidateCount": 500, "assignedCount": 500, "unassignedCount": 0, "duplicateCandidateCount": 0, "duplicateSeatCount": 0, "sameClassAdjacentCount": 0, "sameDepartmentAdjacentCount": 0, "hallsUsed": 5}, "valid": true}
{"model": "Approach C (structured, Encoding D, production)", "status": "OPTIMAL", "objectiveValue": 0, "solverDurationMs": 46841, "memoryPeak": "1366.6 MB", "report": {"candidateCount": 500, "assignedCount": 500, "unassignedCount": 0, "duplicateCandidateCount": 0, "duplicateSeatCount": 0, "sameClassAdjacentCount": 0, "sameDepartmentAdjacentCount": 0, "hallsUsed": 5}, "valid": true}
{"model": "Encoding D (stage-1, benchmark path)", "status": "OPTIMAL", "objectiveValue": 0, "solverDurationMs": 42015, "memoryPeak": "1372.9 MB", "report": {"candidateCount": 500, "assignedCount": 500, "unassignedCount": 0, "duplicateCandidateCount": 0, "duplicateSeatCount": 0, "sameClassAdjacentCount": 0, "sameDepartmentAdjacentCount": 0, "hallsUsed": 5}, "valid": true}
{"model": "Encoding C (integer seat-class)", "status": "OPTIMAL", "objectiveValue": 0, "solverDurationMs": 312651, "memoryPeak": "2597.3 MB", "report": {"candidateCount": 500, "assignedCount": 500, "unassignedCount": 0, "duplicateCandidateCount": 0, "duplicateSeatCount": 0, "sameClassAdjacentCount": 0, "sameDepartmentAdjacentCount": 0, "hallsUsed": 5}, "valid": true}

GATE_PASSED=YES
EXIT CODE: 0
