PHASE 3 MILESTONE 3 EVIDENCE CLOSE-OUT - COMMIT 7411C1F CONTENT VERIFICATION
CAPTURED: 2026-08-15T10:41:41.8141209+05:30
=== git show --stat --oneline 7411c1f ===
7411c1f docs: close out milestone 3 - 2000 checkpoint, objective reporting spec
 .../evidence/phase3-benchmarks/1000-checkpoint.log |  13 ++
 .../evidence/phase3-benchmarks/2000-checkpoint.log |  31 +++
 .../phase3-benchmarks/2000-production-8w.log       |  29 +++
 .../phase3-benchmarks/git-diff-name-only.log       |  22 +++
 docs/evidence/phase3-benchmarks/git-diff-stat.log  |  23 +++
 docs/evidence/phase3-benchmarks/git-log.log        |   9 +
 docs/evidence/phase3-benchmarks/git-status.log     |  29 +++
 docs/evidence/phase3-benchmarks/npm-test.log       | 160 +++++++--------
 .../phase3-benchmarks/phase3-spec-diff.log         | 101 ++++++++++
 docs/phase3-benchmarks.md                          |  70 ++++++-
 docs/phase3-cpsat-spec.md                          |  45 ++++-
 solver-service/benchmarks/benchmark_2000.py        | 217 +++++++++++++++++++++
 solver-service/benchmarks/dataset.py               |  42 +++-
 13 files changed, 702 insertions(+), 89 deletions(-)

=== git show --name-status --oneline 7411c1f ===
7411c1f docs: close out milestone 3 - 2000 checkpoint, objective reporting spec
M	docs/evidence/phase3-benchmarks/1000-checkpoint.log
A	docs/evidence/phase3-benchmarks/2000-checkpoint.log
A	docs/evidence/phase3-benchmarks/2000-production-8w.log
A	docs/evidence/phase3-benchmarks/git-diff-name-only.log
A	docs/evidence/phase3-benchmarks/git-diff-stat.log
A	docs/evidence/phase3-benchmarks/git-log.log
A	docs/evidence/phase3-benchmarks/git-status.log
M	docs/evidence/phase3-benchmarks/npm-test.log
A	docs/evidence/phase3-benchmarks/phase3-spec-diff.log
M	docs/phase3-benchmarks.md
M	docs/phase3-cpsat-spec.md
A	solver-service/benchmarks/benchmark_2000.py
M	solver-service/benchmarks/dataset.py

=== git log --oneline 8a545ff..7411c1f ===
7411c1f docs: close out milestone 3 - 2000 checkpoint, objective reporting spec

=== git diff --name-status 8a545ff..7411c1f ===
M	docs/evidence/phase3-benchmarks/1000-checkpoint.log
A	docs/evidence/phase3-benchmarks/2000-checkpoint.log
A	docs/evidence/phase3-benchmarks/2000-production-8w.log
A	docs/evidence/phase3-benchmarks/git-diff-name-only.log
A	docs/evidence/phase3-benchmarks/git-diff-stat.log
A	docs/evidence/phase3-benchmarks/git-log.log
A	docs/evidence/phase3-benchmarks/git-status.log
M	docs/evidence/phase3-benchmarks/npm-test.log
A	docs/evidence/phase3-benchmarks/phase3-spec-diff.log
M	docs/phase3-benchmarks.md
M	docs/phase3-cpsat-spec.md
A	solver-service/benchmarks/benchmark_2000.py
M	solver-service/benchmarks/dataset.py

=== git diff 8a545ff..7411c1f -- docs/phase3-cpsat-spec.md (SS5.1/Revision 6 head) ===
diff --git a/docs/phase3-cpsat-spec.md b/docs/phase3-cpsat-spec.md
index 2cfff80..418bd85 100644
--- a/docs/phase3-cpsat-spec.md
+++ b/docs/phase3-cpsat-spec.md
@@ -2,6 +2,7 @@
 
 > Specification only. No solver, FastAPI, Python, worker, or CP-SAT code is implemented by this document.
 > The authoritative source of the current repository state is `docs/phase3-discovery.md` and the source files it cites.
+> **Revision 6.** Revision 6 documents the objective-reporting rule for the solver response: the externally reported `objectiveValue` is always derived from the returned candidateΓåÆseat assignment, not from CP-SAT's internal `ObjectiveValue()` (┬º5, ┬º11, ┬º29). For **OPTIMAL** the two must agree; for **FEASIBLE** the raw `solver.ObjectiveValue()` may be inflated because the objective variables `o[s,t]` are only lower-bounded by the linking constraints and CP-SAT is not guaranteed to have minimized every auxiliary `o[s,t]` to its tight lower bound before a timeout ΓÇö so the authoritative externally reported objective for FEASIBLE responses is `sameDepartmentAdjacentCount(returned assignment)`. This is a **reporting-only** change (owner-approved): the CP-SAT mathematical objective, Encoding D, the validator, and all frozen decisions are unchanged.
 > **Revision 5.** Revision 5 resolves the last PROPOSED V1 decision (┬º28 item 10): the worker-count question is answered by the 500-student benchmark ΓÇö `num_search_workers` is now **8** for production (┬º12, ┬º15). It also adds the production memory-sizing note distinguishing the Approach A oracle from the Approach C + Encoding D production path (┬º12). No mathematical section, Encoding D, hard-rule scope, or objective changes. Revision 4 (below) introduced the oracle-agreement criterion and made independent-set pre-computation optional.
 
 **Baseline:** `c7b4bc9` ΓÇö `feat: complete exam document ingestion phase`
@@ -216,7 +217,7 @@ No Supabase/Postgres credentials exist anywhere in the request.
 |---|---|---|---|---|
 | `assignments` | all | best found before timeout | `[]` | `[]` |
 | `solverDurationMs` | Γ£ô | Γ£ô | Γ£ô | Γ£ô |
-| `objectiveValue` | optimal value | best found value | `null` | `null` |
+| `objectiveValue` | optimal value (validated) | recomputed from returned assignment (┬º5.1) | `null` | `null` |
 | `infeasibilityReason` | `null` | `null` | business reason | `null` |
 | `errorCode` | `null` | `null` | `null` | machine-readable |
 | `errorMessage` | `null` | `null` | `null` | short summary |
@@ -225,7 +226,32 @@ Rules:
 
 - `assignedCount` = `assignments.length`; `unassignedCount` = `candidateCount ΓêÆ assignedCount`
 - **`ERROR` and `INFEASIBLE` responses must never be persisted as a successful seating plan.**
-- `objectiveValue` = number of same-department adjacent pairs in the returned arrangement (┬º11).
+- `objectiveValue` = number of same-department adjacent pairs in the returned arrangement (┬º11), reported per the objective-reporting rule (┬º5.1).
+
+### 5.1 Objective-reporting rule (OPTIMAL vs FEASIBLE)
+
+The externally reported `objectiveValue` is **always** derived from the actual returned candidateΓåÆseat assignment, not from CP-SAT's internal `ObjectiveValue()`.
+
+**OPTIMAL response:**
+
+1. CP-SAT has proven global optimality.
+2. Recompute `sameDepartmentAdjacentCount` from the returned assignment (┬º29).
+3. The reported `objectiveValue` must agree with the validated assignment.
+4. If the solver objective and the independently recomputed objective differ: mark the result **invalid**, do **not** silently overwrite the mismatch, and do **not** claim a valid OPTIMAL result.
+
+**FEASIBLE response:**
+
+1. CP-SAT found a feasible incumbent before the time limit.
+2. Global optimality is **NOT** proven.
+3. CP-SAT's internal `ObjectiveValue()` must **NOT** be treated as the authoritative externally reported objective.
+4. Recompute `sameDepartmentAdjacentCount` from the actual returned candidateΓåÆseat assignment.
+5. Set the externally reported `objectiveValue` to that recomputed value.
+6. Preserve the raw solver objective separately in diagnostics/evidence where available.
+7. Never claim that the recomputed FEASIBLE objective is globally optimal.
+
+**Reason.** The objective variables `o[s,t]` are **lower-bounded** by the linking constraints (`o[s,t] ΓëÑ w[s,d] + w[t,d] ΓêÆ 1`, ┬º11.2). During a FEASIBLE timeout, CP-SAT is not guaranteed to have minimized every auxiliary `o[s,t]` variable to its tight lower bound before termination. Therefore `solver.ObjectiveValue()` may differ from the actual objective computed from the returned candidateΓåÆseat assignment. The authoritative externally reported objective for FEASIBLE responses is `sameDepartmentAdjacentCount(returned assignment)`.
+
+This is a **reporting-only** rule: the CP-SAT mathematical objective (┬º11) is unchanged and the validator (┬º29) is not weakened.
 
 ---
 
@@ -521,7 +547,7 @@ Properties:
 minimize  ╬ú_{(s,t) adjacent} o[s,t]
 ```
 
-`objectiveValue` = returned sum.
+`objectiveValue` = returned sum, reported per the objective-reporting rule (┬º5.1): for OPTIMAL responses it equals `solver.ObjectiveValue()` and must agree with the recomputed `sameDepartmentAdjacentCount`; for FEASIBLE responses it is recomputed from the returned assignment because CP-SAT's internal `ObjectiveValue()` may be inflated on non-same-department edges (┬º5.1).
 
 ### 11.2 Linking constraints (unchanged from revision 2 ΓÇö confirmed correct)
 
@@ -843,7 +869,7 @@ duplicateCandidateCount = 0
 duplicateSeatCount     = 0
 ```
 
-`sameDepartmentAdjacentCount` (= `objectiveValue`) is the optimization score for comparing runs/benchmarks. Any violation of the required zeros ΓçÆ job `FAILED` (`INVALID_SOLVER_OUTPUT`).
+`sameDepartmentAdjacentCount` is the authoritative externally reported `objectiveValue` (see the objective-reporting rule ┬º5.1) and is the optimization score for comparing runs/benchmarks. Any violation of the required zeros ΓçÆ job `FAILED` (`INVALID_SOLVER_OUTPUT`).
 
 ---
 
@@ -966,4 +992,13 @@ Only `docs/phase3-cpsat-spec.md` may change as a result of this revision. No Pyt
 2. **Basis (500-student benchmark, measured host ΓÇö 8 logical cores / 4 physical / 23.7 GB RAM):** single worker returned FEASIBLE objective 129 in Γëê903 s without proving optimality; 8 workers proved OPTIMAL objective 0 in Γëê47 s. Objective value and independent validation ΓÇö not byte-for-byte assignment identity ΓÇö are the correctness comparison.
 3. **Memory documentation (┬º12):** Approach A measurements (Γëê3.64 GB RSS at 500) are benchmark/validation-only and must not be used for production sizing; Approach C + Encoding D (Γëê1.37 GB RSS at 500) is the production-path figure. Neither figure proves behavior at 4,000 / 10,000 ΓÇö those need separate benchmarks.
 4. **Unchanged:** Approach C model, Encoding D, 8-neighbourhood, classSnapshot hard rule, departmentSnapshot soft objective, seed 42, global hall pool, 60 s default / 3600 s max time limits, timeout status mapping, CP-SAT as the authoritative infeasibility mechanism. Encoding C remains benchmark/research-only.
-5. **Deployment assumption recorded:** the 8-worker production configuration assumes the deployment host provides ΓëÑ 8 logical CPU cores. The 500 benchmark was measured on the host above; a host with fewer logical cores invalidates the performance claim until re-validated there. No deployment manifest in the repo declares the production host's CPU/RAM.
\ No newline at end of file
+5. **Deployment assumption recorded:** the 8-worker production configuration assumes the deployment host provides ΓëÑ 8 logical CPU cores. The 500 benchmark was measured on the host above; a host with fewer logical cores invalidates the performance claim until re-validated there. No deployment manifest in the repo declares the production host's CPU/RAM.

=== git diff 8a545ff..7411c1f -- solver-service/benchmarks/dataset.py (2000 dataset) ===
diff --git a/solver-service/benchmarks/dataset.py b/solver-service/benchmarks/dataset.py
index 2f4747a..8408b94 100644
--- a/solver-service/benchmarks/dataset.py
+++ b/solver-service/benchmarks/dataset.py
@@ -17,6 +17,10 @@ from tests.helpers import make_hall, make_request
 DEPARTMENTS = ["CSE", "ECE", "EEE", "MECH", "CIVIL", "IT", "AIDS", "AIML", "CHEM", "EIE"]
 CLASS_SUFFIXES = [chr(ord("A") + i) for i in range(10)]  # A..J
 CLASS_SUFFIXES_1000 = [chr(ord("A") + i) for i in range(20)]  # A..T
+CLASS_SUFFIXES_2000 = [
+    *[chr(ord("A") + i) for i in range(26)],  # A..Z
+    *[f"A{chr(ord('A') + i)}" for i in range(14)],  # AA..AN
+]  # 40 suffixes
 
 HALLS_500 = [
     (f"hall-{i+1}", name, 5, 20) for i, name in enumerate(["LH01", "LH02", "LH03", "LH04", "LH05"])
@@ -24,6 +28,9 @@ HALLS_500 = [
 HALLS_1000 = [
     (f"hall-{i+1}", name, 5, 20) for i, name in enumerate([f"LH{i:02d}" for i in range(1, 11)])
 ]
+HALLS_2000 = [
+    (f"hall-{i+1}", name, 5, 20) for i, name in enumerate([f"LH{i:02d}" for i in range(1, 21)])
+]
 
 
 def distribution() -> dict:
@@ -84,6 +91,35 @@ def distribution_1000() -> dict:
     }
 
 
+def build_2000_dataset(time_limit_seconds: int = 180) -> SolveRequest:
+    """2000 validated candidates, 2000 active seats across 20 halls (5x20 each).
+
+    400 classes x 5 students each; 10 departments x 200 students each.
+    """
+    return _build(
+        halls=HALLS_2000,
+        suffixes=CLASS_SUFFIXES_2000,
+        time_limit_seconds=time_limit_seconds,
+        request_id="bench-2000",
+        exam_id="exam-2000",
+    )
+
+
+def distribution_2000() -> dict:
+    """Exact documented distribution for the 2000-student benchmark."""
+    return {
+        "candidateCount": len(DEPARTMENTS) * len(CLASS_SUFFIXES_2000) * 5,
+        "hallCount": len(HALLS_2000),
+        "seatCount": sum(rows * cols for _, _, rows, cols in HALLS_2000),
+        "classCount": len(DEPARTMENTS) * len(CLASS_SUFFIXES_2000),
