PHASE 3 MILESTONE 3 EVIDENCE CLOSE-OUT - FINAL POST-COMMIT STATE (FRESH CAPTURE)
CAPTURED: 2026-08-15T10:43:05.7165414+05:30
=== git status ===
On branch main
Your branch is up to date with 'origin/main'.

Untracked files:
  (use "git add <file>..." to include in what will be committed)
	docs/phase3-discovery.md
	"eating prototype\357\200\242"

nothing added to commit but untracked files present (use "git add" to track)

=== git log --oneline -3 ===
146fa1d docs: evidence close-out - commit provenance, 2000 timing and cpu reconciliation
7411c1f docs: close out milestone 3 - 2000 checkpoint, objective reporting spec
8a545ff bench: validate 1000-student cpsat production path

=== git branch -vv ===
* main 146fa1d [origin/main] docs: evidence close-out - commit provenance, 2000 timing and cpu reconciliation

=== git rev-parse HEAD ===
146fa1d9d66b81a75be91486d12125005a9e88b5

=== git rev-parse origin/main ===
146fa1d9d66b81a75be91486d12125005a9e88b5
